// Jest Snapshot v1, https://goo.gl/fbAQLP

exports[`Pruebas en <GrifGridItem /> debe de mostrar el componente correctamente  1`] = `
<div
  className="card animate__animated animate__rollIn"
>
  <img
    alt="Un titulo"
    src="https://localhost/algo.jpg"
  />
  <p>
    Un titulo
  </p>
</div>
`;
